components/ErrorBoundary.tsx(24,10): error TS2339: Property 'state' does not exist on type 'ErrorBoundary'.
components/ErrorBoundary.tsx(39,10): error TS2339: Property 'setState' does not exist on type 'ErrorBoundary'.
components/ErrorBoundary.tsx(48,10): error TS2339: Property 'setState' does not exist on type 'ErrorBoundary'.
components/ErrorBoundary.tsx(49,10): error TS2339: Property 'props' does not exist on type 'ErrorBoundary'.
components/ErrorBoundary.tsx(58,22): error TS2339: Property 'state' does not exist on type 'ErrorBoundary'.
components/ErrorBoundary.tsx(61,12): error TS2339: Property 'state' does not exist on type 'ErrorBoundary'.
components/ErrorBoundary.tsx(64,12): error TS2339: Property 'state' does not exist on type 'ErrorBoundary'.
components/ErrorBoundary.tsx(69,12): error TS2339: Property 'setState' does not exist on type 'ErrorBoundary'.
components/ErrorBoundary.tsx(70,29): error TS2339: Property 'setState' does not exist on type 'ErrorBoundary'.
components/ErrorBoundary.tsx(79,12): error TS2339: Property 'setState' does not exist on type 'ErrorBoundary'.
components/ErrorBoundary.tsx(80,29): error TS2339: Property 'setState' does not exist on type 'ErrorBoundary'.
components/ErrorBoundary.tsx(85,10): error TS2339: Property 'setState' does not exist on type 'ErrorBoundary'.
components/ErrorBoundary.tsx(89,14): error TS2339: Property 'state' does not exist on type 'ErrorBoundary'.
components/ErrorBoundary.tsx(90,16): error TS2339: Property 'props' does not exist on type 'ErrorBoundary'.
components/ErrorBoundary.tsx(91,21): error TS2339: Property 'props' does not exist on type 'ErrorBoundary'.
components/ErrorBoundary.tsx(139,25): error TS2339: Property 'state' does not exist on type 'ErrorBoundary'.
components/ErrorBoundary.tsx(147,37): error TS2339: Property 'state' does not exist on type 'ErrorBoundary'.
components/ErrorBoundary.tsx(149,23): error TS2339: Property 'state' does not exist on type 'ErrorBoundary'.
components/ErrorBoundary.tsx(150,23): error TS2339: Property 'state' does not exist on type 'ErrorBoundary'.
components/ErrorBoundary.tsx(154,21): error TS2339: Property 'state' does not exist on type 'ErrorBoundary'.
components/ErrorBoundary.tsx(164,27): error TS2339: Property 'state' does not exist on type 'ErrorBoundary'.
components/ErrorBoundary.tsx(166,25): error TS2339: Property 'state' does not exist on type 'ErrorBoundary'.
components/ErrorBoundary.tsx(170,31): error TS2339: Property 'state' does not exist on type 'ErrorBoundary'.
components/ErrorBoundary.tsx(189,25): error TS2339: Property 'state' does not exist on type 'ErrorBoundary'.
components/ErrorBoundary.tsx(234,17): error TS2339: Property 'props' does not exist on type 'ErrorBoundary'.
